// Jest Snapshot v1, https://goo.gl/fbAQLP

exports[`should render Expenses List item 1`] = `
<div>
  <Link
    replace={false}
    to="/edit/1"
  >
    <h3>
      Rent Bill
    </h3>
  </Link>
  <p>
     
    100
     - 
    -345600000
     
  </p>
</div>
`;
